// Jest Snapshot v1, https://goo.gl/fbAQLP

exports[`Ingredient Group component test 1`] = `
Array [
  <div
    className="subgroup ingredient-group"
  >
    <table
      className="table ingredients-table table table-sm table-striped"
    >
      <caption
        className="subheading h3"
        id="ingredients-chili"
      >
        Chili:
        <a
          className="headerlink"
          href="/#ingredients-chili"
          onClick={[Function]}
          title="Permalink to this headline"
        >
          ¶
        </a>
      </caption>
      <thead
        className="hideme"
      >
        <tr>
          <th>
            <span>
              Quantity
            </span>
          </th>
          <th>
            <span>
              Ingredient
            </span>
          </th>
        </tr>
      </thead>
      <tbody>
        <tr
          className="ingredient"
        >
          <td
            className="quantity"
          >
            <span>
              1
               
              dash
            </span>
          </td>
          <td
            className="ingredient"
          >
            <span>
              black pepper
            </span>
          </td>
        </tr>
      </tbody>
    </table>
  </div>,
  <div
    className="subgroup ingredient-group"
  >
    <table
      className="table ingredients-table table table-sm table-striped"
    >
      <caption
        className="subheading h3"
        id="ingredients-spices"
      >
        Spices:
        <a
          className="headerlink"
          href="/#ingredients-spices"
          onClick={[Function]}
          title="Permalink to this headline"
        >
          ¶
        </a>
      </caption>
      <thead
        className="hideme"
      >
        <tr>
          <th>
            <span>
              Quantity
            </span>
          </th>
          <th>
            <span>
              Ingredient
            </span>
          </th>
        </tr>
      </thead>
      <tbody>
        <tr
          className="ingredient"
        >
          <td
            className="quantity"
          >
            <span>
              1
               
              dash
            </span>
          </td>
          <td
            className="ingredient"
          >
            <span>
              black pepper
            </span>
          </td>
        </tr>
      </tbody>
    </table>
  </div>,
  <div
    className="subgroup ingredient-group"
  >
    <table
      className="table ingredients-table table table-sm table-striped"
    >
      <thead
        className="hideme"
      >
        <tr>
          <th>
            <span>
              Quantity
            </span>
          </th>
          <th>
            <span>
              Ingredient
            </span>
          </th>
        </tr>
      </thead>
      <tbody>
        <tr
          className="ingredient"
        >
          <td
            className="quantity"
          >
            <span>
              1
               
              dash
            </span>
          </td>
          <td
            className="ingredient"
          >
            <span>
              black pepper
            </span>
          </td>
        </tr>
      </tbody>
    </table>
  </div>,
]
`;
