// Jest Snapshot v1, https://goo.gl/fbAQLP

exports[`Loading component test 1`] = `
<div
  className="spinner"
>
  <span
    className="h3 no-results"
  >
    Loading ...
  </span>
  <div
    className="circular-progress circle"
  >
    <div />
    <div />
    <div />
    <div />
    <div />
    <div />
    <div />
    <div />
    <div />
    <div />
    <div />
    <div />
  </div>
</div>
`;
